Archive member included to satisfy reference by file (symbol)

c:/program files (x86)/atmel/studio/7.0/toolchain/avr8/avr8-gnu-toolchain/bin/../lib/gcc/avr/5.4.0/avr5\libgcc.a(_exit.o)
                              C:/Program Files (x86)/Atmel/Studio/7.0/Packs/atmel/ATmega_DFP/1.2.132/gcc/dev/atmega16a/avr5/crtatmega16a.o (exit)
c:/program files (x86)/atmel/studio/7.0/toolchain/avr8/avr8-gnu-toolchain/bin/../lib/gcc/avr/5.4.0/avr5\libgcc.a(_clear_bss.o)
                              ADC/ADC.o (__do_clear_bss)

Allocating common symbols
Common symbol       size              file

UART                0x1               Interrupt/ISR.o
Motor_speed         0x1               ADC/ADC.o
Mode                0x1               ADC/ADC.o
Timer_interval      0x1               ADC/ADC.o
max_number_of_overflows
                    0x1               main.o

Discarded input sections

 .data          0x00000000        0x0 C:/Program Files (x86)/Atmel/Studio/7.0/Packs/atmel/ATmega_DFP/1.2.132/gcc/dev/atmega16a/avr5/crtatmega16a.o
 .bss           0x00000000        0x0 C:/Program Files (x86)/Atmel/Studio/7.0/Packs/atmel/ATmega_DFP/1.2.132/gcc/dev/atmega16a/avr5/crtatmega16a.o
 .text          0x00000000        0x0 ADC/ADC.o
 .data          0x00000000        0x0 ADC/ADC.o
 .bss           0x00000000        0x0 ADC/ADC.o
 .text          0x00000000        0x0 DIO/DIO_Programming.o
 .data          0x00000000        0x0 DIO/DIO_Programming.o
 .bss           0x00000000        0x0 DIO/DIO_Programming.o
 .text.DIO_Void_SetPinDirection
                0x00000000      0x116 DIO/DIO_Programming.o
 .text.DIO_Void_WritePin
                0x00000000      0x116 DIO/DIO_Programming.o
 .text.DIO_Void_WriteHighNibble
                0x00000000       0x58 DIO/DIO_Programming.o
 .text.DIO_Void_WriteLowNibble
                0x00000000       0x40 DIO/DIO_Programming.o
 .text.DIO_ReadPin
                0x00000000       0x74 DIO/DIO_Programming.o
 .debug_info    0x00000000      0x23e DIO/DIO_Programming.o
 .debug_abbrev  0x00000000       0xc9 DIO/DIO_Programming.o
 .debug_loc     0x00000000      0x63e DIO/DIO_Programming.o
 .debug_aranges
                0x00000000       0x40 DIO/DIO_Programming.o
 .debug_ranges  0x00000000       0x30 DIO/DIO_Programming.o
 .debug_line    0x00000000      0x349 DIO/DIO_Programming.o
 .debug_str     0x00000000      0x260 DIO/DIO_Programming.o
 .comment       0x00000000       0x31 DIO/DIO_Programming.o
 .debug_frame   0x00000000       0x64 DIO/DIO_Programming.o
 .text          0x00000000        0x0 Interrupt/External_Interupt.o
 .data          0x00000000        0x0 Interrupt/External_Interupt.o
 .bss           0x00000000        0x0 Interrupt/External_Interupt.o
 .text.ExternalInterrupt_voidInitialzie
                0x00000000       0x1a Interrupt/External_Interupt.o
 .text.Sei      0x00000000        0x8 Interrupt/External_Interupt.o
 .text.Cli      0x00000000        0x8 Interrupt/External_Interupt.o
 .debug_info    0x00000000       0xfe Interrupt/External_Interupt.o
 .debug_abbrev  0x00000000       0x76 Interrupt/External_Interupt.o
 .debug_aranges
                0x00000000       0x30 Interrupt/External_Interupt.o
 .debug_ranges  0x00000000       0x20 Interrupt/External_Interupt.o
 .debug_line    0x00000000      0x11c Interrupt/External_Interupt.o
 .debug_str     0x00000000      0x1f6 Interrupt/External_Interupt.o
 .comment       0x00000000       0x31 Interrupt/External_Interupt.o
 .debug_frame   0x00000000       0x44 Interrupt/External_Interupt.o
 .text          0x00000000        0x0 Interrupt/ISR.o
 .data          0x00000000        0x0 Interrupt/ISR.o
 .bss           0x00000000        0x0 Interrupt/ISR.o
 .text          0x00000000        0x0 main.o
 .data          0x00000000        0x0 main.o
 .bss           0x00000000        0x0 main.o
 .text.turn_off_motor
                0x00000000        0x4 main.o
 .text.turn_on_motor
                0x00000000        0x4 main.o
 .text          0x00000000        0x0 Timer/Timer.o
 .data          0x00000000        0x0 Timer/Timer.o
 .bss           0x00000000        0x0 Timer/Timer.o
 .text.Timer0_Void_Clear
                0x00000000        0xe Timer/Timer.o
 .text.Timer0_Void_Initialize_NormalMode
                0x00000000       0x4c Timer/Timer.o
 .text.Timer0_Void_Initialize_CompareMatchMode
                0x00000000       0x50 Timer/Timer.o
 .text          0x00000000        0x0 USART/USART_Master.o
 .data          0x00000000        0x0 USART/USART_Master.o
 .bss           0x00000000        0x0 USART/USART_Master.o
 .text.USART_Transmit
                0x00000000        0x8 USART/USART_Master.o
 .text.USART_Receive
                0x00000000        0x8 USART/USART_Master.o
 .text.ISR      0x00000000       0x20 USART/USART_Master.o
 .text          0x00000000        0x0 c:/program files (x86)/atmel/studio/7.0/toolchain/avr8/avr8-gnu-toolchain/bin/../lib/gcc/avr/5.4.0/avr5\libgcc.a(_exit.o)
 .data          0x00000000        0x0 c:/program files (x86)/atmel/studio/7.0/toolchain/avr8/avr8-gnu-toolchain/bin/../lib/gcc/avr/5.4.0/avr5\libgcc.a(_exit.o)
 .bss           0x00000000        0x0 c:/program files (x86)/atmel/studio/7.0/toolchain/avr8/avr8-gnu-toolchain/bin/../lib/gcc/avr/5.4.0/avr5\libgcc.a(_exit.o)
 .text.libgcc.mul
                0x00000000        0x0 c:/program files (x86)/atmel/studio/7.0/toolchain/avr8/avr8-gnu-toolchain/bin/../lib/gcc/avr/5.4.0/avr5\libgcc.a(_exit.o)
 .text.libgcc.div
                0x00000000        0x0 c:/program files (x86)/atmel/studio/7.0/toolchain/avr8/avr8-gnu-toolchain/bin/../lib/gcc/avr/5.4.0/avr5\libgcc.a(_exit.o)
 .text.libgcc   0x00000000        0x0 c:/program files (x86)/atmel/studio/7.0/toolchain/avr8/avr8-gnu-toolchain/bin/../lib/gcc/avr/5.4.0/avr5\libgcc.a(_exit.o)
 .text.libgcc.prologue
                0x00000000        0x0 c:/program files (x86)/atmel/studio/7.0/toolchain/avr8/avr8-gnu-toolchain/bin/../lib/gcc/avr/5.4.0/avr5\libgcc.a(_exit.o)
 .text.libgcc.builtins
                0x00000000        0x0 c:/program files (x86)/atmel/studio/7.0/toolchain/avr8/avr8-gnu-toolchain/bin/../lib/gcc/avr/5.4.0/avr5\libgcc.a(_exit.o)
 .text.libgcc.fmul
                0x00000000        0x0 c:/program files (x86)/atmel/studio/7.0/toolchain/avr8/avr8-gnu-toolchain/bin/../lib/gcc/avr/5.4.0/avr5\libgcc.a(_exit.o)
 .text.libgcc.fixed
                0x00000000        0x0 c:/program files (x86)/atmel/studio/7.0/toolchain/avr8/avr8-gnu-toolchain/bin/../lib/gcc/avr/5.4.0/avr5\libgcc.a(_exit.o)
 .text          0x00000000        0x0 c:/program files (x86)/atmel/studio/7.0/toolchain/avr8/avr8-gnu-toolchain/bin/../lib/gcc/avr/5.4.0/avr5\libgcc.a(_clear_bss.o)
 .data          0x00000000        0x0 c:/program files (x86)/atmel/studio/7.0/toolchain/avr8/avr8-gnu-toolchain/bin/../lib/gcc/avr/5.4.0/avr5\libgcc.a(_clear_bss.o)
 .bss           0x00000000        0x0 c:/program files (x86)/atmel/studio/7.0/toolchain/avr8/avr8-gnu-toolchain/bin/../lib/gcc/avr/5.4.0/avr5\libgcc.a(_clear_bss.o)
 .text.libgcc.mul
                0x00000000        0x0 c:/program files (x86)/atmel/studio/7.0/toolchain/avr8/avr8-gnu-toolchain/bin/../lib/gcc/avr/5.4.0/avr5\libgcc.a(_clear_bss.o)
 .text.libgcc.div
                0x00000000        0x0 c:/program files (x86)/atmel/studio/7.0/toolchain/avr8/avr8-gnu-toolchain/bin/../lib/gcc/avr/5.4.0/avr5\libgcc.a(_clear_bss.o)
 .text.libgcc   0x00000000        0x0 c:/program files (x86)/atmel/studio/7.0/toolchain/avr8/avr8-gnu-toolchain/bin/../lib/gcc/avr/5.4.0/avr5\libgcc.a(_clear_bss.o)
 .text.libgcc.prologue
                0x00000000        0x0 c:/program files (x86)/atmel/studio/7.0/toolchain/avr8/avr8-gnu-toolchain/bin/../lib/gcc/avr/5.4.0/avr5\libgcc.a(_clear_bss.o)
 .text.libgcc.builtins
                0x00000000        0x0 c:/program files (x86)/atmel/studio/7.0/toolchain/avr8/avr8-gnu-toolchain/bin/../lib/gcc/avr/5.4.0/avr5\libgcc.a(_clear_bss.o)
 .text.libgcc.fmul
                0x00000000        0x0 c:/program files (x86)/atmel/studio/7.0/toolchain/avr8/avr8-gnu-toolchain/bin/../lib/gcc/avr/5.4.0/avr5\libgcc.a(_clear_bss.o)
 .text.libgcc.fixed
                0x00000000        0x0 c:/program files (x86)/atmel/studio/7.0/toolchain/avr8/avr8-gnu-toolchain/bin/../lib/gcc/avr/5.4.0/avr5\libgcc.a(_clear_bss.o)

Memory Configuration

Name             Origin             Length             Attributes
text             0x00000000         0x00020000         xr
data             0x00800060         0x0000ffa0         rw !x
eeprom           0x00810000         0x00010000         rw !x
fuse             0x00820000         0x00000002         rw !x
lock             0x00830000         0x00000400         rw !x
signature        0x00840000         0x00000400         rw !x
user_signatures  0x00850000         0x00000400         rw !x
*default*        0x00000000         0xffffffff

Linker script and memory map

LOAD C:/Program Files (x86)/Atmel/Studio/7.0/Packs/atmel/ATmega_DFP/1.2.132/gcc/dev/atmega16a/avr5/crtatmega16a.o
LOAD ADC/ADC.o
LOAD DIO/DIO_Programming.o
LOAD Interrupt/External_Interupt.o
LOAD Interrupt/ISR.o
LOAD main.o
LOAD Timer/Timer.o
LOAD USART/USART_Master.o
START GROUP
LOAD c:/program files (x86)/atmel/studio/7.0/toolchain/avr8/avr8-gnu-toolchain/bin/../lib/gcc/avr/5.4.0/../../../../avr/lib/avr5\libm.a
END GROUP
START GROUP
LOAD c:/program files (x86)/atmel/studio/7.0/toolchain/avr8/avr8-gnu-toolchain/bin/../lib/gcc/avr/5.4.0/avr5\libgcc.a
LOAD c:/program files (x86)/atmel/studio/7.0/toolchain/avr8/avr8-gnu-toolchain/bin/../lib/gcc/avr/5.4.0/../../../../avr/lib/avr5\libm.a
LOAD c:/program files (x86)/atmel/studio/7.0/toolchain/avr8/avr8-gnu-toolchain/bin/../lib/gcc/avr/5.4.0/../../../../avr/lib/avr5\libc.a
LOAD C:/Program Files (x86)/Atmel/Studio/7.0/Packs/atmel/ATmega_DFP/1.2.132/gcc/dev/atmega16a/avr5\libatmega16a.a
END GROUP
                0x00020000                __TEXT_REGION_LENGTH__ = DEFINED (__TEXT_REGION_LENGTH__)?__TEXT_REGION_LENGTH__:0x20000
                0x0000ffa0                __DATA_REGION_LENGTH__ = DEFINED (__DATA_REGION_LENGTH__)?__DATA_REGION_LENGTH__:0xffa0
                0x00010000                __EEPROM_REGION_LENGTH__ = DEFINED (__EEPROM_REGION_LENGTH__)?__EEPROM_REGION_LENGTH__:0x10000
                [0x00000002]                __FUSE_REGION_LENGTH__ = DEFINED (__FUSE_REGION_LENGTH__)?__FUSE_REGION_LENGTH__:0x400
                0x00000400                __LOCK_REGION_LENGTH__ = DEFINED (__LOCK_REGION_LENGTH__)?__LOCK_REGION_LENGTH__:0x400
                0x00000400                __SIGNATURE_REGION_LENGTH__ = DEFINED (__SIGNATURE_REGION_LENGTH__)?__SIGNATURE_REGION_LENGTH__:0x400
                0x00000400                __USER_SIGNATURE_REGION_LENGTH__ = DEFINED (__USER_SIGNATURE_REGION_LENGTH__)?__USER_SIGNATURE_REGION_LENGTH__:0x400

.hash
 *(.hash)

.dynsym
 *(.dynsym)

.dynstr
 *(.dynstr)

.gnu.version
 *(.gnu.version)

.gnu.version_d
 *(.gnu.version_d)

.gnu.version_r
 *(.gnu.version_r)

.rel.init
 *(.rel.init)

.rela.init
 *(.rela.init)

.rel.text
 *(.rel.text)
 *(.rel.text.*)
 *(.rel.gnu.linkonce.t*)

.rela.text
 *(.rela.text)
 *(.rela.text.*)
 *(.rela.gnu.linkonce.t*)

.rel.fini
 *(.rel.fini)

.rela.fini
 *(.rela.fini)

.rel.rodata
 *(.rel.rodata)
 *(.rel.rodata.*)
 *(.rel.gnu.linkonce.r*)

.rela.rodata
 *(.rela.rodata)
 *(.rela.rodata.*)
 *(.rela.gnu.linkonce.r*)

.rel.data
 *(.rel.data)
 *(.rel.data.*)
 *(.rel.gnu.linkonce.d*)

.rela.data
 *(.rela.data)
 *(.rela.data.*)
 *(.rela.gnu.linkonce.d*)

.rel.ctors
 *(.rel.ctors)

.rela.ctors
 *(.rela.ctors)

.rel.dtors
 *(.rel.dtors)

.rela.dtors
 *(.rela.dtors)

.rel.got
 *(.rel.got)

.rela.got
 *(.rela.got)

.rel.bss
 *(.rel.bss)

.rela.bss
 *(.rela.bss)

.rel.plt
 *(.rel.plt)

.rela.plt
 *(.rela.plt)

.text           0x00000000      0x190
 *(.vectors)
 .vectors       0x00000000       0x54 C:/Program Files (x86)/Atmel/Studio/7.0/Packs/atmel/ATmega_DFP/1.2.132/gcc/dev/atmega16a/avr5/crtatmega16a.o
                0x00000000                __vector_default
                0x00000000                __vectors
 *(.vectors)
 *(.progmem.gcc*)
                0x00000054                . = ALIGN (0x2)
                0x00000054                __trampolines_start = .
 *(.trampolines)
 .trampolines   0x00000054        0x0 linker stubs
 *(.trampolines*)
                0x00000054                __trampolines_end = .
 *libprintf_flt.a:*(.progmem.data)
 *libc.a:*(.progmem.data)
 *(.progmem*)
                0x00000054                . = ALIGN (0x2)
 *(.jumptables)
 *(.jumptables*)
 *(.lowtext)
 *(.lowtext*)
                0x00000054                __ctors_start = .
 *(.ctors)
                0x00000054                __ctors_end = .
                0x00000054                __dtors_start = .
 *(.dtors)
                0x00000054                __dtors_end = .
 SORT(*)(.ctors)
 SORT(*)(.dtors)
 *(.init0)
 .init0         0x00000054        0x0 C:/Program Files (x86)/Atmel/Studio/7.0/Packs/atmel/ATmega_DFP/1.2.132/gcc/dev/atmega16a/avr5/crtatmega16a.o
                0x00000054                __init
 *(.init0)
 *(.init1)
 *(.init1)
 *(.init2)
 .init2         0x00000054        0xc C:/Program Files (x86)/Atmel/Studio/7.0/Packs/atmel/ATmega_DFP/1.2.132/gcc/dev/atmega16a/avr5/crtatmega16a.o
 *(.init2)
 *(.init3)
 *(.init3)
 *(.init4)
 .init4         0x00000060       0x10 c:/program files (x86)/atmel/studio/7.0/toolchain/avr8/avr8-gnu-toolchain/bin/../lib/gcc/avr/5.4.0/avr5\libgcc.a(_clear_bss.o)
                0x00000060                __do_clear_bss
 *(.init4)
 *(.init5)
 *(.init5)
 *(.init6)
 *(.init6)
 *(.init7)
 *(.init7)
 *(.init8)
 *(.init8)
 *(.init9)
 .init9         0x00000070        0x8 C:/Program Files (x86)/Atmel/Studio/7.0/Packs/atmel/ATmega_DFP/1.2.132/gcc/dev/atmega16a/avr5/crtatmega16a.o
 *(.init9)
 *(.text)
 .text          0x00000078        0x4 C:/Program Files (x86)/Atmel/Studio/7.0/Packs/atmel/ATmega_DFP/1.2.132/gcc/dev/atmega16a/avr5/crtatmega16a.o
                0x00000078                __vector_1
                0x00000078                __vector_12
                0x00000078                __bad_interrupt
                0x00000078                __vector_6
                0x00000078                __vector_3
                0x00000078                __vector_13
                0x00000078                __vector_17
                0x00000078                __vector_19
                0x00000078                __vector_7
                0x00000078                __vector_5
                0x00000078                __vector_9
                0x00000078                __vector_2
                0x00000078                __vector_15
                0x00000078                __vector_8
                0x00000078                __vector_14
                0x00000078                __vector_10
                0x00000078                __vector_16
                0x00000078                __vector_18
                0x00000078                __vector_20
                0x0000007c                . = ALIGN (0x2)
 *(.text.*)
 .text.ADC_voidInitializeADC
                0x0000007c       0x1a ADC/ADC.o
                0x0000007c                ADC_voidInitializeADC
 .text.ADC_u8ReadADC
                0x00000096        0xc ADC/ADC.o
                0x00000096                ADC_u8ReadADC
 .text.__vector_11
                0x000000a2       0x1e Interrupt/ISR.o
                0x000000a2                __vector_11
 .text.__vector_4
                0x000000c0       0x34 main.o
                0x000000c0                __vector_4
 .text.set_time
                0x000000f4       0x16 main.o
                0x000000f4                set_time
 .text.motor_manual_mode
                0x0000010a        0xc main.o
                0x0000010a                motor_manual_mode
 .text.motor_autmoatic_mode
                0x00000116        0x8 main.o
                0x00000116                motor_autmoatic_mode
 .text.Task_init
                0x0000011e        0xe main.o
                0x0000011e                Task_init
 .text.main     0x0000012c       0x38 main.o
                0x0000012c                main
 .text.Timer0_Void_Initialize_PWMmode
                0x00000164        0xc Timer/Timer.o
                0x00000164                Timer0_Void_Initialize_PWMmode
 .text.timer2_normal_mode_init
                0x00000170        0xe Timer/Timer.o
                0x00000170                timer2_normal_mode_init
 .text.USART_Init
                0x0000017e        0xe USART/USART_Master.o
                0x0000017e                USART_Init
                0x0000018c                . = ALIGN (0x2)
 *(.fini9)
 .fini9         0x0000018c        0x0 c:/program files (x86)/atmel/studio/7.0/toolchain/avr8/avr8-gnu-toolchain/bin/../lib/gcc/avr/5.4.0/avr5\libgcc.a(_exit.o)
                0x0000018c                _exit
                0x0000018c                exit
 *(.fini9)
 *(.fini8)
 *(.fini8)
 *(.fini7)
 *(.fini7)
 *(.fini6)
 *(.fini6)
 *(.fini5)
 *(.fini5)
 *(.fini4)
 *(.fini4)
 *(.fini3)
 *(.fini3)
 *(.fini2)
 *(.fini2)
 *(.fini1)
 *(.fini1)
 *(.fini0)
 .fini0         0x0000018c        0x4 c:/program files (x86)/atmel/studio/7.0/toolchain/avr8/avr8-gnu-toolchain/bin/../lib/gcc/avr/5.4.0/avr5\libgcc.a(_exit.o)
 *(.fini0)
                0x00000190                _etext = .

.data           0x00800060        0x0 load address 0x00000190
                [!provide]                PROVIDE (__data_start, .)
 *(.data)
 *(.data*)
 *(.rodata)
 *(.rodata*)
 *(.gnu.linkonce.d*)
                0x00800060                . = ALIGN (0x2)
                0x00800060                _edata = .
                [!provide]                PROVIDE (__data_end, .)

.bss            0x00800060        0x6
                0x00800060                PROVIDE (__bss_start, .)
 *(.bss)
 *(.bss*)
 .bss.counter   0x00800060        0x1 main.o
                0x00800060                counter
 *(COMMON)
 COMMON         0x00800061        0x3 ADC/ADC.o
                0x00800061                Motor_speed
                0x00800062                Mode
                0x00800063                Timer_interval
 COMMON         0x00800064        0x1 Interrupt/ISR.o
                0x00800064                UART
 COMMON         0x00800065        0x1 main.o
                0x00800065                max_number_of_overflows
                0x00800066                PROVIDE (__bss_end, .)
                0x00000190                __data_load_start = LOADADDR (.data)
                0x00000190                __data_load_end = (__data_load_start + SIZEOF (.data))

.noinit         0x00800066        0x0
                [!provide]                PROVIDE (__noinit_start, .)
 *(.noinit*)
                [!provide]                PROVIDE (__noinit_end, .)
                0x00800066                _end = .
                [!provide]                PROVIDE (__heap_start, .)

.eeprom         0x00810000        0x0
 *(.eeprom*)
                0x00810000                __eeprom_end = .

.fuse
 *(.fuse)
 *(.lfuse)
 *(.hfuse)
 *(.efuse)

.lock
 *(.lock*)

.signature
 *(.signature*)

.user_signatures
 *(.user_signatures*)

.stab
 *(.stab)

.stabstr
 *(.stabstr)

.stab.excl
 *(.stab.excl)

.stab.exclstr
 *(.stab.exclstr)

.stab.index
 *(.stab.index)

.stab.indexstr
 *(.stab.indexstr)

.comment        0x00000000       0x30
 *(.comment)
 .comment       0x00000000       0x30 ADC/ADC.o
                                 0x31 (size before relaxing)
 .comment       0x00000030       0x31 Interrupt/ISR.o
 .comment       0x00000030       0x31 main.o
 .comment       0x00000030       0x31 Timer/Timer.o
 .comment       0x00000030       0x31 USART/USART_Master.o

.note.gnu.avr.deviceinfo
                0x00000000       0x3c
 .note.gnu.avr.deviceinfo
                0x00000000       0x3c C:/Program Files (x86)/Atmel/Studio/7.0/Packs/atmel/ATmega_DFP/1.2.132/gcc/dev/atmega16a/avr5/crtatmega16a.o

.note.gnu.build-id
 *(.note.gnu.build-id)

.debug
 *(.debug)

.line
 *(.line)

.debug_srcinfo
 *(.debug_srcinfo)

.debug_sfnames
 *(.debug_sfnames)

.debug_aranges  0x00000000      0x118
 *(.debug_aranges)
 .debug_aranges
                0x00000000       0x28 ADC/ADC.o
 .debug_aranges
                0x00000028       0x20 Interrupt/ISR.o
 .debug_aranges
                0x00000048       0x58 main.o
 .debug_aranges
                0x000000a0       0x40 Timer/Timer.o
 .debug_aranges
                0x000000e0       0x38 USART/USART_Master.o

.debug_pubnames
 *(.debug_pubnames)

.debug_info     0x00000000      0xcc1
 *(.debug_info .gnu.linkonce.wi.*)
 .debug_info    0x00000000      0x52e C:/Program Files (x86)/Atmel/Studio/7.0/Packs/atmel/ATmega_DFP/1.2.132/gcc/dev/atmega16a/avr5/crtatmega16a.o
 .debug_info    0x0000052e       0xef ADC/ADC.o
 .debug_info    0x0000061d       0xf1 Interrupt/ISR.o
 .debug_info    0x0000070e      0x33d main.o
 .debug_info    0x00000a4b      0x12c Timer/Timer.o
 .debug_info    0x00000b77      0x14a USART/USART_Master.o

.debug_abbrev   0x00000000      0x883
 *(.debug_abbrev)
 .debug_abbrev  0x00000000      0x4e7 C:/Program Files (x86)/Atmel/Studio/7.0/Packs/atmel/ATmega_DFP/1.2.132/gcc/dev/atmega16a/avr5/crtatmega16a.o
 .debug_abbrev  0x000004e7       0x7c ADC/ADC.o
 .debug_abbrev  0x00000563       0x6f Interrupt/ISR.o
 .debug_abbrev  0x000005d2      0x185 main.o
 .debug_abbrev  0x00000757       0x78 Timer/Timer.o
 .debug_abbrev  0x000007cf       0xb4 USART/USART_Master.o

.debug_line     0x00000000      0x85b
 *(.debug_line .debug_line.* .debug_line_end)
 .debug_line    0x00000000      0x115 C:/Program Files (x86)/Atmel/Studio/7.0/Packs/atmel/ATmega_DFP/1.2.132/gcc/dev/atmega16a/avr5/crtatmega16a.o
 .debug_line    0x00000115      0x138 ADC/ADC.o
 .debug_line    0x0000024d      0x100 Interrupt/ISR.o
 .debug_line    0x0000034d      0x1f6 main.o
 .debug_line    0x00000543      0x1d9 Timer/Timer.o
 .debug_line    0x0000071c      0x13f USART/USART_Master.o

.debug_frame    0x00000000      0x1c8
 *(.debug_frame)
 .debug_frame   0x00000000       0x34 ADC/ADC.o
 .debug_frame   0x00000034       0x34 Interrupt/ISR.o
 .debug_frame   0x00000068       0xa8 main.o
 .debug_frame   0x00000110       0x64 Timer/Timer.o
 .debug_frame   0x00000174       0x54 USART/USART_Master.o

.debug_str      0x00000000      0x511
 *(.debug_str)
 .debug_str     0x00000000      0x1af C:/Program Files (x86)/Atmel/Studio/7.0/Packs/atmel/ATmega_DFP/1.2.132/gcc/dev/atmega16a/avr5/crtatmega16a.o
 .debug_str     0x000001af      0x1ac ADC/ADC.o
                                0x1e5 (size before relaxing)
 .debug_str     0x0000035b       0x24 Interrupt/ISR.o
                                0x1d8 (size before relaxing)
 .debug_str     0x0000037f       0xe6 main.o
                                0x2cd (size before relaxing)
 .debug_str     0x00000465       0x6d Timer/Timer.o
                                0x258 (size before relaxing)
 .debug_str     0x000004d2       0x3f USART/USART_Master.o
                                0x1e5 (size before relaxing)

.debug_loc      0x00000000      0x183
 *(.debug_loc)
 .debug_loc     0x00000000       0x3c Interrupt/ISR.o
 .debug_loc     0x0000003c       0xfb main.o
 .debug_loc     0x00000137       0x4c USART/USART_Master.o

.debug_macinfo
 *(.debug_macinfo)

.debug_weaknames
 *(.debug_weaknames)

.debug_funcnames
 *(.debug_funcnames)

.debug_typenames
 *(.debug_typenames)

.debug_varnames
 *(.debug_varnames)

.debug_pubtypes
 *(.debug_pubtypes)

.debug_ranges   0x00000000       0xc8
 *(.debug_ranges)
 .debug_ranges  0x00000000       0x18 ADC/ADC.o
 .debug_ranges  0x00000018       0x10 Interrupt/ISR.o
 .debug_ranges  0x00000028       0x48 main.o
 .debug_ranges  0x00000070       0x30 Timer/Timer.o
 .debug_ranges  0x000000a0       0x28 USART/USART_Master.o

.debug_macro
 *(.debug_macro)
OUTPUT(Bluetooth_Motor.elf elf32-avr)
LOAD linker stubs
